# 2940D00045118,2081198F22,1F5B2C0
                          ♠ K73 ♥ AQJ652 ♦ AT ♣ K3 
  ♠ JT62 ♥ K9 ♦ 865 ♣ J964                       ♠ - ♥ T84 ♦ QJ742 ♣ QT875 
                          ♠ AQ9854 ♥ 73 ♦ K93 ♣ A2 
                        N ♠ K73
                          ♥ AQJ652
                          ♦ AT
                       17 ♣ K3
           W ♠ JT62                    E ♠ -
             ♥ K9                        ♥ T84
             ♦ 865                       ♦ QJ742
           5 ♣ J964                    5 ♣ QT875
                        S ♠ AQ9854
                          ♥ 73
                          ♦ K93
                       13 ♣ A2
