                          ♠ - ♥ AJ ♦ K86 ♣ 7 
         ♠ - ♥ Q76 ♦ Q95 ♣ -                ♠ - ♥ KT ♦ JT2 ♣ K 
                          ♠ 53 ♥ 4 ♦ A7 ♣ J 
******
<Enter>/<Space> to accept the suggestion or input another card like 'CK'.
If there is only one club or one king in the list, 'C' or 'K' works too.
Use 'U' to undo, 'R' to rotate the board or 'N' to play the next hand.
******
------ 7♠ by NS: NS 7 EW 0 ------
                        N ♠ -
                          ♥ AJ
                          ♦ K86
                        8 ♣ 7
           W ♠ -                       E ♠ -
             ♥ Q76                       ♥ KT
             ♦ Q95                       ♦ JT2
           4 ♣ -                       7 ♣ K
                        S ♠ 53
                          ♥ 4
                          ♦ A7
                        5 ♣ J
From ♠ 5?= ♥ 4?- ♦ A?-7?- ♣ J?- South plays ♠ 5?.
From ♥ Q?=7?= ♦ Q?=9?=5?= West plays ♦ 5?.
From ♥ A?(-2)J?= ♦ K?(-2)8?-6?- ♣ 7?= North plays ♣ 7?.
From ♥ K?=T?= ♦ J?=2?= ♣ K?= East plays ♣ K?.
------ 7♠ by NS: NS 8 EW 0 ------
                        N ♠ -
                          ♥ AJ
                          ♦ K86
                        8 ♣ -
           W ♠ -                       E ♠ -
             ♥ Q76                       ♥ KT
             ♦ Q9                        ♦ JT2
           4 ♣ -                       4 ♣ -
                        S ♠ 3
                          ♥ 4
                          ♦ A7
                        5 ♣ J
From ♠ 3?= ♥ 4?= ♦ A?=7?= ♣ J?= South plays ♣ J?.
From ♥ Q?=7?= ♦ Q?=9?= West plays ♦ 9?.
From ♥ A?-J?= ♦ K?-8?=6?= North plays ♦ 6?.
From ♥ K?=T?= ♦ J?=2?= East plays ♦ 2?.
------ 7♠ by NS: NS 9 EW 0 ------
                        N ♠ -
                          ♥ AJ
                          ♦ K8
                        8 ♣ -
           W ♠ -                       E ♠ -
             ♥ Q76                       ♥ KT
             ♦ Q                         ♦ JT
           4 ♣ -                       4 ♣ -
                        S ♠ 3
                          ♥ 4
                          ♦ A7
                        4 ♣ -
From ♠ 3?= ♥ 4?= ♦ A?=7?= South plays ♦ 7?.
From ♦ Q?= West plays ♦ Q.
From ♦ K?=8?- North plays ♦ K?.
From ♦ J?= East plays ♦ J.
------ 7♠ by NS: NS 10 EW 0 ------
                        N ♠ -
                          ♥ AJ
                          ♦ 8
                        5 ♣ -
           W ♠ -                       E ♠ -
             ♥ Q76                       ♥ KT
             ♦ -                         ♦ T
           2 ♣ -                       3 ♣ -
                        S ♠ 3
                          ♥ 4
                          ♦ A
                        4 ♣ -
From ♥ A?=J?- ♦ 8?= North plays ♦ 8?.
From ♦ T?= East plays ♦ T.
From ♦ A?= South plays ♦ A.
From ♥ Q?=7?= West plays ♥ 7?.
------ 7♠ by NS: NS 11 EW 0 ------
                        N ♠ -
                          ♥ AJ
                          ♦ -
                        5 ♣ -
           W ♠ -                       E ♠ -
             ♥ Q6                        ♥ KT
             ♦ -                         ♦ -
           2 ♣ -                       3 ♣ -
                        S ♠ 3
                          ♥ 4
                          ♦ -
                        0 ♣ -
From ♠ 3?= ♥ 4?= South plays ♥ 4?.
From ♥ Q?=6?= West plays ♥ 6?.
From ♥ A?=J?- North plays ♥ A?.
From ♥ K?=T?= East plays ♥ T?.
------ 7♠ by NS: NS 12 EW 0 ------
                        N ♠ -
                          ♥ J
                          ♦ -
                        1 ♣ -
           W ♠ -                       E ♠ -
             ♥ Q                         ♥ K
             ♦ -                         ♦ -
           2 ♣ -                       3 ♣ -
                        S ♠ 3
                          ♥ -
                          ♦ -
                        0 ♣ -
====== 7♠ by NS: NS 13 EW 0 ======
